// Jest Snapshot v1, https://goo.gl/fbAQLP

exports[`IconButton Snapshots renders correctly 1`] = `
<View>
  <View
    accessibilityComponentType={undefined}
    accessibilityLabel={undefined}
    accessibilityTraits={undefined}
    accessible={true}
    collapsable={undefined}
    hasTVPreferredFocus={undefined}
    hitSlop={undefined}
    isTVSelectable={true}
    nativeID={undefined}
    onLayout={undefined}
    onResponderGrant={[Function]}
    onResponderMove={[Function]}
    onResponderRelease={[Function]}
    onResponderTerminate={[Function]}
    onResponderTerminationRequest={[Function]}
    onStartShouldSetResponder={[Function]}
    style={
      Object {
        "alignItems": "center",
        "backgroundColor": "#2C7CF6",
        "borderRadius": 68,
        "height": 68,
        "justifyContent": "center",
        "margin": 8,
        "opacity": 1,
        "shadowColor": "rgba(0,0,0,.4)",
        "shadowOffset": Object {
          "height": 1,
          "width": 1,
        },
        "shadowOpacity": 1,
        "shadowRadius": 1,
        "width": 68,
      }
    }
    testID={undefined}
    tvParallaxProperties={undefined}
  />
</View>
`;
